[
    {
        "email": "atuny0@sohu.com",
        "password": "9uQFF1Lh"
    },
    {
        "email": "hbingley1@plala.or.jp",
        "password": "CQutx25i8r"
    },
    {
        "email": "rshawe2@51.la",
        "password": "OWsTbMUgFc"
    },
    {
        "email": "yraigatt3@nature.com",
        "password": "sRQxjPfdS"
    },
    {
        "email": "kmeus4@upenn.edu",
        "password": "aUTdmmmbH"
    },
    {
        "email": "jtreleven5@nhs.uk",
        "password": "zY1nE46Zm"
    },
    {
        "email": "dpettegre6@columbia.edu",
        "password": "YVmhktgYVS"
    },
    {
        "email": "ggude7@chron.com",
        "password": "MWwlaeWcOoF6"
    },
    {
        "email": "nloiterton8@aol.com",
        "password": "HTQxxXV9Bq4"
    },
    {
        "email": "umcgourty9@jalbum.net",
        "password": "i0xzpX"
    },
    {
        "email": "acharlota@liveinternet.ru",
        "password": "M9lbMdydMN"
    },
    {
        "email": "rhallawellb@dropbox.com",
        "password": "esTkitT1r"
    },
    {
        "email": "lgribbinc@posterous.com",
        "password": "ftGj8LZTtv9g"
    },
    {
        "email": "mturleyd@tumblr.com",
        "password": "GyLnCB8gNIp"
    },
    {
        "email": "kminchelle@qq.com",
        "password": "0lelplR"
    },
    {
        "email": "dpierrof@vimeo.com",
        "password": "Vru55Y4tufI4"
    },
    {
        "email": "vcholdcroftg@ucoz.com",
        "password": "mSPzYZfR"
    },
    {
        "email": "sberminghamh@chron.com",
        "password": "cAjfb8vg"
    },
    {
        "email": "bleveragei@so-net.ne.jp",
        "password": "UZGAiqPqWQHQ"
    },
    {
        "email": "aeatockj@psu.edu",
        "password": "szWAG6hc"
    },
    {
        "email": "ckensleyk@pen.io",
        "password": "tq7kPXyf"
    },
    {
        "email": "froachel@howstuffworks.com",
        "password": "rfVSKImC"
    },
    {
        "email": "beykelhofm@wikispaces.com",
        "password": "zQwaHTHbuZyr"
    },
    {
        "email": "brickeardn@fema.gov",
        "password": "bMQnPttV"
    },
    {
        "email": "dfundello@amazon.co.jp",
        "password": "k9zgV68UKw8m"
    },
    {
        "email": "lgronaverp@cornell.edu",
        "password": "4a1dAKDv9KB9"
    },
    {
        "email": "fokillq@amazon.co.jp",
        "password": "xZnWSWnqH"
    },
    {
        "email": "xisherwoodr@ask.com",
        "password": "HLDqN5vCF"
    },
    {
        "email": "jissetts@hostgator.com",
        "password": "ePawWgrnZR8L"
    },
    {
        "email": "kdulyt@umich.edu",
        "password": "5t6q4KC7O"
    }
]